2025-12-30T18:16:59.326+03:00  INFO 11860 --- [main] ru.otus.hw.Application                   : Starting Application using Java 25 with PID 11860 (D:\Idea\IdeaProjects\2025-05-otus-spring-govorova\hw16-actuator\target\classes started by Teningur in D:\Idea\IdeaProjects\2025-05-otus-spring-govorova\hw16-actuator)
2025-12-30T18:16:59.328+03:00  INFO 11860 --- [main] ru.otus.hw.Application                   : No active profile set, falling back to 1 default profile: "default"
2025-12-30T18:17:00.074+03:00  INFO 11860 --- [main] .s.d.r.c.RepositoryConfigurationDelegate : Bootstrapping Spring Data JPA repositories in DEFAULT mode.
2025-12-30T18:17:00.119+03:00  INFO 11860 --- [main] .s.d.r.c.RepositoryConfigurationDelegate : Finished Spring Data repository scanning in 40 ms. Found 4 JPA repository interfaces.
2025-12-30T18:17:00.605+03:00  INFO 11860 --- [main] o.s.b.w.embedded.tomcat.TomcatWebServer  : Tomcat initialized with port 8080 (http)
2025-12-30T18:17:00.614+03:00  INFO 11860 --- [main] o.apache.catalina.core.StandardService   : Starting service [Tomcat]
2025-12-30T18:17:00.614+03:00  INFO 11860 --- [main] o.apache.catalina.core.StandardEngine    : Starting Servlet engine: [Apache Tomcat/10.1.26]
2025-12-30T18:17:00.669+03:00  INFO 11860 --- [main] o.a.c.c.C.[Tomcat].[localhost].[/]       : Initializing Spring embedded WebApplicationContext
2025-12-30T18:17:00.670+03:00  INFO 11860 --- [main] w.s.c.ServletWebServerApplicationContext : Root WebApplicationContext: initialization completed in 1301 ms
2025-12-30T18:17:00.774+03:00  INFO 11860 --- [main] com.zaxxer.hikari.HikariDataSource       : HikariPool-1 - Starting...
2025-12-30T18:17:00.937+03:00  INFO 11860 --- [main] com.zaxxer.hikari.pool.HikariPool        : HikariPool-1 - Added connection conn0: url=jdbc:h2:mem:maindb user=SA
2025-12-30T18:17:00.938+03:00  INFO 11860 --- [main] com.zaxxer.hikari.HikariDataSource       : HikariPool-1 - Start completed.
2025-12-30T18:17:00.950+03:00  INFO 11860 --- [main] o.s.b.a.h2.H2ConsoleAutoConfiguration    : H2 console available at '/h2-console'. Database available at 'jdbc:h2:mem:maindb'
2025-12-30T18:17:01.070+03:00  INFO 11860 --- [main] o.hibernate.jpa.internal.util.LogHelper  : HHH000204: Processing PersistenceUnitInfo [name: default]
2025-12-30T18:17:01.105+03:00  INFO 11860 --- [main] org.hibernate.Version                    : HHH000412: Hibernate ORM core version 6.5.2.Final
2025-12-30T18:17:01.128+03:00  INFO 11860 --- [main] o.h.c.internal.RegionFactoryInitiator    : HHH000026: Second-level cache disabled
2025-12-30T18:17:01.330+03:00  INFO 11860 --- [main] o.s.o.j.p.SpringPersistenceUnitInfo      : No LoadTimeWeaver setup: ignoring JPA class transformer
2025-12-30T18:17:02.080+03:00  INFO 11860 --- [main] o.h.e.t.j.p.i.JtaPlatformInitiator       : HHH000489: No JTA platform available (set 'hibernate.transaction.jta.platform' to enable JTA platform integration)
2025-12-30T18:17:02.092+03:00 DEBUG 11860 --- [main] org.hibernate.SQL                        : drop table if exists authors cascade 
2025-12-30T18:17:02.095+03:00 DEBUG 11860 --- [main] org.hibernate.SQL                        : drop table if exists books cascade 
2025-12-30T18:17:02.096+03:00 DEBUG 11860 --- [main] org.hibernate.SQL                        : drop table if exists comments cascade 
2025-12-30T18:17:02.096+03:00 DEBUG 11860 --- [main] org.hibernate.SQL                        : drop table if exists genres cascade 
2025-12-30T18:17:02.100+03:00 DEBUG 11860 --- [main] org.hibernate.SQL                        : create table authors (id bigint generated by default as identity, full_name varchar(255) not null unique, primary key (id))
2025-12-30T18:17:02.108+03:00 DEBUG 11860 --- [main] org.hibernate.SQL                        : create table books (author_id bigint, genre_id bigint, id bigint generated by default as identity, title varchar(255) not null, primary key (id))
2025-12-30T18:17:02.109+03:00 DEBUG 11860 --- [main] org.hibernate.SQL                        : create table comments (book_id bigint, id bigint generated by default as identity, text varchar(1000) not null, primary key (id))
2025-12-30T18:17:02.110+03:00 DEBUG 11860 --- [main] org.hibernate.SQL                        : create table genres (id bigint generated by default as identity, name varchar(255) not null unique, primary key (id))
2025-12-30T18:17:02.111+03:00 DEBUG 11860 --- [main] org.hibernate.SQL                        : alter table if exists books add constraint FKfjixh2vym2cvfj3ufxj91jem7 foreign key (author_id) references authors
2025-12-30T18:17:02.121+03:00 DEBUG 11860 --- [main] org.hibernate.SQL                        : alter table if exists books add constraint FK9hsvoalyniowgt8fbufidqj3x foreign key (genre_id) references genres
2025-12-30T18:17:02.122+03:00 DEBUG 11860 --- [main] org.hibernate.SQL                        : alter table if exists comments add constraint FK1ey8gegnanvybix5a025vepf4 foreign key (book_id) references books
2025-12-30T18:17:02.125+03:00  INFO 11860 --- [main] j.LocalContainerEntityManagerFactoryBean : Initialized JPA EntityManagerFactory for persistence unit 'default'
2025-12-30T18:17:02.537+03:00  WARN 11860 --- [main] JpaBaseConfiguration$JpaWebConfiguration : spring.jpa.open-in-view is enabled by default. Therefore, database queries may be performed during view rendering. Explicitly configure spring.jpa.open-in-view to disable this warning
2025-12-30T18:17:02.599+03:00  INFO 11860 --- [main] o.s.b.a.w.s.WelcomePageHandlerMapping    : Adding welcome page template: index
2025-12-30T18:17:03.196+03:00  INFO 11860 --- [main] o.s.b.a.e.web.EndpointLinksResolver      : Exposing 3 endpoints beneath base path '/actuator'
2025-12-30T18:17:03.261+03:00  INFO 11860 --- [main] o.s.b.w.embedded.tomcat.TomcatWebServer  : Tomcat started on port 8080 (http) with context path '/'
2025-12-30T18:17:03.270+03:00  INFO 11860 --- [main] ru.otus.hw.Application                   : Started Application in 4.362 seconds (process running for 4.876)
2025-12-30T18:17:03.844+03:00  INFO 11860 --- [RMI TCP Connection(1)-172.16.0.2] o.a.c.c.C.[Tomcat].[localhost].[/]       : Initializing Spring DispatcherServlet 'dispatcherServlet'
2025-12-30T18:17:03.845+03:00  INFO 11860 --- [RMI TCP Connection(1)-172.16.0.2] o.s.web.servlet.DispatcherServlet        : Initializing Servlet 'dispatcherServlet'
2025-12-30T18:17:03.846+03:00  INFO 11860 --- [RMI TCP Connection(1)-172.16.0.2] o.s.web.servlet.DispatcherServlet        : Completed initialization in 1 ms
2025-12-30T18:17:04.035+03:00 DEBUG 11860 --- [RMI TCP Connection(4)-172.16.0.2] org.hibernate.SQL                        : select count(*) from books b1_0
2025-12-30T18:17:09.972+03:00 DEBUG 11860 --- [http-nio-8080-exec-1] org.hibernate.SQL                        : select count(*) from books b1_0
